\BOOKMARK [0][-]{section*.2}{\376\377\000E\000i\000d\000e\000s\000s\000t\000a\000t\000t\000l\000i\000c\000h\000e\000\040\000E\000r\000k\000l\000\344\000r\000u\000n\000g}{}% 1
\BOOKMARK [0][-]{section*.3}{\376\377\000Z\000u\000s\000a\000m\000m\000e\000n\000f\000a\000s\000s\000u\000n\000g}{}% 2
\BOOKMARK [0][-]{section*.4}{\376\377\000A\000b\000s\000t\000r\000a\000c\000t}{}% 3
\BOOKMARK [0][-]{chapter*.7}{\376\377\000E\000i\000n\000l\000e\000i\000t\000u\000n\000g}{}% 4
\BOOKMARK [1][-]{section*.8}{\376\377\000M\000o\000t\000i\000v\000a\000t\000i\000o\000n}{chapter*.7}% 5
\BOOKMARK [1][-]{section*.9}{\376\377\000P\000r\000o\000b\000l\000e\000m\000s\000t\000e\000l\000l\000u\000n\000g\000\040\000u\000n\000d\000\040\000F\000o\000r\000s\000c\000h\000u\000n\000g\000s\000f\000r\000a\000g\000e}{chapter*.7}% 6
\BOOKMARK [1][-]{section*.10}{\376\377\000Z\000i\000e\000l\000s\000e\000t\000z\000u\000n\000g\000\040\000u\000n\000d\000\040\000B\000e\000i\000t\000r\000a\000g}{chapter*.7}% 7
\BOOKMARK [1][-]{section*.11}{\376\377\000A\000u\000f\000b\000a\000u\000\040\000d\000e\000r\000\040\000A\000r\000b\000e\000i\000t}{chapter*.7}% 8
\BOOKMARK [0][-]{chapter*.12}{\376\377\000G\000r\000u\000n\000d\000l\000a\000g\000e\000n}{}% 9
\BOOKMARK [1][-]{section*.13}{\376\377\000S\000y\000s\000t\000e\000m\000e\000\040\000u\000n\000d\000\040\000z\000e\000i\000t\000l\000i\000c\000h\000e\000\040\000A\000n\000f\000o\000r\000d\000e\000r\000u\000n\000g\000e\000n}{chapter*.12}% 10
\BOOKMARK [1][-]{section*.14}{\376\377\000R\000e\000a\000l\000\040\000T\000i\000m\000e\000\040\000S\000y\000s\000t\000e\000m\000s}{chapter*.12}% 11
\BOOKMARK [1][-]{section*.15}{\376\377\000E\000i\000n\000g\000e\000b\000e\000t\000t\000e\000t\000e\000\040\000S\000y\000s\000t\000e\000m\000e}{chapter*.12}% 12
\BOOKMARK [1][-]{section*.16}{\376\377\000E\000c\000h\000t\000z\000e\000i\000t\000b\000e\000t\000r\000i\000e\000b\000s\000s\000y\000s\000t\000e\000m\000e}{chapter*.12}% 13
\BOOKMARK [1][-]{section*.17}{\376\377\000Z\000e\000p\000h\000y\000r\000\040\000R\000T\000O\000S}{chapter*.12}% 14
\BOOKMARK [2][-]{subsection*.18}{\376\377\000L\000a\000u\000f\000z\000e\000i\000t\000-\000K\000o\000n\000z\000e\000p\000t\000e}{section*.17}% 15
\BOOKMARK [3][-]{section*.19}{\376\377\000T\000h\000r\000e\000a\000d\000s\000\040\000u\000n\000d\000\040\000S\000c\000h\000e\000d\000u\000l\000i\000n\000g}{subsection*.18}% 16
\BOOKMARK [3][-]{section*.20}{\376\377\000S\000y\000n\000c\000h\000r\000o\000n\000i\000s\000a\000t\000i\000o\000n\000\040\000\050\000S\000e\000m\000a\000p\000h\000o\000r\000e\000\051}{subsection*.18}% 17
\BOOKMARK [3][-]{section*.21}{\376\377\000I\000n\000t\000e\000r\000r\000u\000p\000t\000s}{subsection*.18}% 18
\BOOKMARK [3][-]{section*.22}{\376\377\000T\000i\000m\000e\000r\000\040\000u\000n\000d\000\040\000T\000i\000c\000k\000l\000e\000s\000s\000-\000K\000e\000r\000n\000e\000l}{subsection*.18}% 19
\BOOKMARK [3][-]{section*.23}{\376\377\000S\000p\000e\000i\000c\000h\000e\000r\000v\000e\000r\000w\000a\000l\000t\000u\000n\000g}{subsection*.18}% 20
\BOOKMARK [3][-]{section*.24}{\376\377\000L\000o\000g\000g\000i\000n\000g\000-\000S\000u\000b\000s\000y\000s\000t\000e\000m}{subsection*.18}% 21
\BOOKMARK [3][-]{section*.25}{\376\377\000T\000i\000m\000i\000n\000g\000-\000A\000P\000I}{subsection*.18}% 22
\BOOKMARK [2][-]{subsection*.26}{\376\377\000B\000u\000i\000l\000d\000-\000Z\000e\000i\000t\000-\000K\000o\000n\000z\000e\000p\000t\000e}{section*.17}% 23
\BOOKMARK [3][-]{section*.27}{\376\377\000K\000c\000o\000n\000f\000i\000g}{subsection*.26}% 24
\BOOKMARK [3][-]{section*.28}{\376\377\000C\000M\000a\000k\000e\000\040\000u\000n\000d\000\040\000Z\000e\000p\000h\000y\000r\000-\000M\000o\000d\000u\000l\000e}{subsection*.26}% 25
\BOOKMARK [3][-]{section*.29}{\376\377\000W\000e\000s\000t}{subsection*.26}% 26
\BOOKMARK [3][-]{section*.30}{\376\377\000B\000u\000i\000l\000d\000-\000S\000y\000s\000t\000e\000m\000-\000W\000e\000r\000k\000z\000e\000u\000g\000e\000\040\000z\000u\000r\000\040\000A\000n\000a\000l\000y\000s\000e\000\040\000d\000e\000s\000\040\000S\000p\000e\000i\000c\000h\000e\000r\000b\000e\000d\000a\000r\000f\000s}{subsection*.26}% 27
\BOOKMARK [1][-]{section*.31}{\376\377\000B\000e\000n\000c\000h\000m\000a\000r\000k\000\040\000M\000e\000t\000r\000i\000k\000e\000n}{chapter*.12}% 28
\BOOKMARK [2][-]{subsection*.32}{\376\377\000C\000o\000n\000t\000e\000x\000t\000\040\000S\000w\000i\000t\000c\000h}{section*.31}% 29
\BOOKMARK [2][-]{subsection*.33}{\376\377\000I\000n\000t\000e\000r\000r\000u\000p\000t\000\040\000L\000a\000t\000e\000n\000c\000y}{section*.31}% 30
\BOOKMARK [2][-]{subsection*.34}{\376\377\000T\000i\000m\000e\000r\000-\000J\000i\000t\000t\000e\000r}{section*.31}% 31
\BOOKMARK [2][-]{subsection*.35}{\376\377\000H\000e\000a\000p\000-\000A\000l\000l\000o\000k\000a\000t\000i\000o\000n\000/\000\040\000F\000r\000a\000g\000m\000e\000n\000t\000i\000e\000r\000u\000n\000g}{section*.31}% 32
\BOOKMARK [2][-]{subsection*.36}{\376\377\000R\000A\000M\000/\000\040\000R\000O\000M}{section*.31}% 33
\BOOKMARK [1][-]{section*.37}{\376\377\000N\000e\000t\000z\000w\000e\000r\000k\000-\000\040\000u\000n\000d\000\040\000S\000i\000c\000h\000e\000r\000h\000e\000i\000t\000s\000k\000o\000n\000z\000e\000p\000t\000e}{chapter*.12}% 34
\BOOKMARK [2][-]{subsection*.38}{\376\377\000N\000e\000t\000z\000w\000e\000r\000k\000-\000S\000t\000a\000c\000k\000\040\000u\000n\000d\000\040\000C\000o\000A\000P}{section*.37}% 35
\BOOKMARK [2][-]{subsection*.39}{\376\377\000T\000r\000a\000n\000s\000p\000o\000r\000t\000v\000e\000r\000s\000c\000h\000l\000\374\000s\000s\000e\000l\000u\000n\000g\000\040\000d\000u\000r\000c\000h\000\040\000T\000L\000S\000/\000\040\000D\000T\000L\000S\000\040\000u\000n\000d\000\040\000P\000r\000e\000-\000S\000h\000a\000r\000e\000d\000\040\000K\000e\000y\000s}{section*.37}% 36
\BOOKMARK [2][-]{subsection*.40}{\376\377\000T\000h\000r\000e\000a\000d\000,\000\040\0006\000L\000o\000W\000P\000A\000N\000\040\000u\000n\000d\000\040\000I\000E\000E\000E\000\040\0008\0000\0002\000.\0001\0005\000.\0004}{section*.37}% 37
\BOOKMARK [2][-]{subsection*.41}{\376\377\000F\000i\000r\000m\000w\000a\000r\000e\000-\000U\000p\000d\000a\000t\000e\000s\000:\000\040\000M\000C\000U\000m\000g\000r\000\040\000u\000n\000d\000\040\000M\000C\000U\000b\000o\000o\000t}{section*.37}% 38
\BOOKMARK [0][-]{chapter*.42}{\376\377\000V\000e\000r\000w\000a\000n\000d\000t\000e\000\040\000A\000r\000b\000e\000i\000t\000e\000n}{}% 39
\BOOKMARK [1][-]{section*.43}{\376\377\000R\000T\000O\000S\000-\000B\000e\000n\000c\000h\000m\000a\000r\000k\000i\000n\000g\000\040\000a\000l\000l\000g\000e\000m\000e\000i\000n}{chapter*.42}% 40
\BOOKMARK [1][-]{section*.44}{\376\377\000B\000e\000s\000t\000e\000h\000e\000n\000d\000e\000\040\000R\000T\000O\000S\000-\000B\000e\000n\000c\000h\000m\000a\000r\000k\000s}{chapter*.42}% 41
\BOOKMARK [1][-]{section*.45}{\376\377\000Z\000e\000p\000h\000y\000r\000-\000s\000p\000e\000z\000i\000f\000i\000s\000c\000h\000e\000\040\000B\000e\000n\000c\000h\000m\000a\000r\000k\000s}{chapter*.42}% 42
\BOOKMARK [1][-]{section*.46}{\376\377\000A\000b\000g\000r\000e\000n\000z\000u\000n\000g\000\040\000d\000e\000r\000\040\000e\000i\000g\000e\000n\000e\000n\000\040\000A\000r\000b\000e\000i\000t}{chapter*.42}% 43
\BOOKMARK [0][-]{chapter*.47}{\376\377\000M\000e\000t\000h\000o\000d\000i\000k\000\040\000u\000n\000d\000\040\000V\000e\000r\000s\000u\000c\000h\000s\000a\000u\000f\000b\000a\000u}{}% 44
\BOOKMARK [1][-]{section*.48}{\376\377\000F\000o\000r\000s\000c\000h\000u\000n\000g\000s\000d\000e\000s\000i\000g\000n}{chapter*.47}% 45
\BOOKMARK [1][-]{section*.49}{\376\377\000Z\000i\000e\000l\000p\000l\000a\000t\000t\000f\000o\000r\000m}{chapter*.47}% 46
\BOOKMARK [1][-]{section*.50}{\376\377\000S\000o\000f\000t\000w\000a\000r\000e\000u\000m\000g\000e\000b\000u\000n\000g}{chapter*.47}% 47
\BOOKMARK [1][-]{section*.51}{\376\377\000U\000n\000a\000b\000h\000\344\000n\000g\000i\000g\000e\000\040\000V\000a\000r\000i\000a\000b\000l\000e\000n}{chapter*.47}% 48
\BOOKMARK [2][-]{subsection*.52}{\376\377\000M\000i\000n\000i\000m\000a\000l\000\040\000K\000o\000n\000f\000i\000g\000u\000r\000a\000t\000i\000o\000n}{section*.51}% 49
\BOOKMARK [2][-]{subsection*.53}{\376\377\000L\000o\000g\000g\000i\000n\000g}{section*.51}% 50
\BOOKMARK [2][-]{subsection*.54}{\376\377\000I\000o\000T\000-\000S\000t\000a\000c\000k}{section*.51}% 51
\BOOKMARK [1][-]{section*.55}{\376\377\000A\000b\000h\000\344\000n\000g\000i\000g\000e\000\040\000V\000a\000r\000i\000a\000b\000l\000e\000n}{chapter*.47}% 52
\BOOKMARK [2][-]{subsection*.56}{\376\377\000C\000o\000n\000t\000e\000x\000t\000-\000S\000w\000i\000t\000c\000h\000-\000L\000a\000t\000e\000n\000z}{section*.55}% 53
\BOOKMARK [2][-]{subsection*.57}{\376\377\000I\000n\000t\000e\000r\000r\000u\000p\000t\000-\000L\000a\000t\000e\000n\000z}{section*.55}% 54
\BOOKMARK [2][-]{subsection*.58}{\376\377\000T\000i\000m\000e\000r\000-\000J\000i\000t\000t\000e\000r}{section*.55}% 55
\BOOKMARK [2][-]{subsection*.59}{\376\377\000H\000e\000a\000p\000-\000A\000l\000l\000o\000k\000a\000t\000i\000o\000n\000s\000g\000e\000s\000c\000h\000w\000i\000n\000d\000i\000g\000k\000e\000i\000t}{section*.55}% 56
\BOOKMARK [2][-]{subsection*.60}{\376\377\000H\000e\000a\000p\000-\000F\000r\000a\000g\000m\000e\000n\000t\000i\000e\000r\000u\000n\000g}{section*.55}% 57
\BOOKMARK [1][-]{section*.61}{\376\377\000K\000o\000n\000t\000r\000o\000l\000l\000i\000e\000r\000t\000e\000\040\000V\000a\000r\000i\000a\000b\000l\000e\000n}{chapter*.47}% 58
\BOOKMARK [2][-]{subsection*.62}{\376\377\000H\000a\000r\000d\000w\000a\000r\000e\000/\000\040\000C\000P\000U\000-\000F\000r\000e\000q\000u\000e\000n\000z}{section*.61}% 59
\BOOKMARK [2][-]{subsection*.63}{\376\377\000C\000o\000m\000p\000i\000l\000e\000r\000\040\000u\000n\000d\000\040\000W\000e\000r\000k\000z\000e\000u\000g\000k\000e\000t\000t\000e}{section*.61}% 60
\BOOKMARK [2][-]{subsection*.64}{\376\377\000C\000o\000m\000p\000i\000l\000e\000r\000\040\000o\000p\000t\000i\000m\000i\000e\000r\000u\000n\000g}{section*.61}% 61
\BOOKMARK [2][-]{subsection*.65}{\376\377\000Z\000e\000p\000h\000y\000r\000\040\000V\000e\000r\000s\000i\000o\000n}{section*.61}% 62
\BOOKMARK [2][-]{subsection*.66}{\376\377\000B\000u\000i\000l\000d\000-\000K\000o\000n\000f\000i\000g\000u\000r\000a\000t\000i\000o\000n\000\040\000\050\000S\000o\000c\000k\000e\000l\000\051}{section*.61}% 63
\BOOKMARK [2][-]{subsection*.67}{\376\377\000M\000e\000s\000s\000m\000e\000c\000h\000a\000n\000i\000s\000m\000u\000s\000\040\000\050\000T\000i\000m\000i\000n\000g\000/\000\040\000S\000t\000a\000t\000i\000s\000t\000i\000k\000\051}{section*.61}% 64
\BOOKMARK [2][-]{subsection*.68}{\376\377\000A\000n\000z\000a\000h\000l\000\040\000d\000e\000r\000\040\000M\000e\000s\000s\000u\000n\000g\000e\000n}{section*.61}% 65
\BOOKMARK [1][-]{section*.69}{\376\377\000A\000b\000l\000a\000u\000f\000\040\000e\000i\000n\000e\000r\000\040\000M\000e\000s\000s\000u\000n\000g}{chapter*.47}% 66
\BOOKMARK [0][-]{chapter*.102}{\376\377\000B\000e\000n\000c\000h\000m\000a\000r\000k\000-\000D\000e\000s\000i\000g\000n}{}% 67
\BOOKMARK [1][-]{section*.103}{\376\377\000K\000o\000n\000t\000e\000x\000t\000w\000e\000c\000h\000s\000e\000l\000-\000L\000a\000t\000e\000n\000z}{chapter*.102}% 68
\BOOKMARK [1][-]{section*.117}{\376\377\000I\000n\000t\000e\000r\000r\000u\000p\000t\000-\000L\000a\000t\000e\000n\000z}{chapter*.102}% 69
\BOOKMARK [1][-]{section*.131}{\376\377\000T\000i\000m\000e\000r\000-\000J\000i\000t\000t\000e\000r}{chapter*.102}% 70
\BOOKMARK [1][-]{section*.154}{\376\377\000H\000e\000a\000p\000-\000A\000l\000l\000o\000k\000a\000t\000i\000o\000n\000s\000g\000e\000s\000c\000h\000w\000i\000n\000d\000i\000g\000k\000e\000i\000t}{chapter*.102}% 71
\BOOKMARK [1][-]{section*.177}{\376\377\000H\000e\000a\000p\000-\000F\000r\000a\000g\000m\000e\000n\000t\000i\000e\000r\000u\000n\000g}{chapter*.102}% 72
\BOOKMARK [0][-]{chapter*.204}{\376\377\000I\000m\000p\000l\000e\000m\000e\000n\000t\000i\000e\000r\000u\000n\000g}{}% 73
\BOOKMARK [1][-]{section*.205}{\376\377\000P\000r\000o\000j\000e\000k\000t\000s\000t\000r\000u\000k\000t\000u\000r}{chapter*.204}% 74
\BOOKMARK [1][-]{section*.206}{\376\377\000B\000e\000n\000c\000h\000m\000a\000r\000k\000-\000I\000n\000f\000r\000a\000s\000t\000r\000u\000k\000t\000u\000r}{chapter*.204}% 75
\BOOKMARK [2][-]{subsection*.207}{\376\377\000W\000a\000r\000u\000m\000\040\000e\000i\000n\000e\000\040\000e\000i\000g\000e\000n\000e\000\040\000B\000i\000b\000l\000i\000o\000t\000h\000e\000k\000?}{section*.206}% 76
\BOOKMARK [2][-]{subsection*.208}{\376\377\000D\000i\000e\000\040\000\366\000f\000f\000e\000n\000t\000l\000i\000c\000h\000e\000\040\000S\000c\000h\000n\000i\000t\000t\000s\000t\000e\000l\000l\000e}{section*.206}% 77
\BOOKMARK [2][-]{subsection*.247}{\376\377\000Z\000e\000i\000t\000b\000a\000s\000i\000s\000\040\000u\000n\000d\000\040\000K\000a\000l\000i\000b\000r\000i\000e\000r\000u\000n\000g\000\040\000d\000e\000s\000\040\000M\000e\000s\000s\000a\000u\000f\000w\000a\000n\000d\000s}{section*.206}% 78
\BOOKMARK [2][-]{subsection*.258}{\376\377\000L\000a\000u\000f\000e\000n\000d\000e\000\040\000S\000t\000a\000t\000i\000s\000t\000i\000k}{section*.206}% 79
\BOOKMARK [2][-]{subsection*.259}{\376\377\000E\000r\000g\000e\000b\000n\000i\000s\000a\000u\000s\000g\000a\000b\000e\000\040\000a\000l\000s\000\040\000C\000S\000V}{section*.206}% 80
\BOOKMARK [2][-]{subsection*.276}{\376\377\000P\000a\000r\000a\000m\000e\000t\000r\000i\000s\000i\000e\000r\000u\000n\000g\000\040\000\374\000b\000e\000r\000\040\000K\000c\000o\000n\000f\000i\000g}{section*.206}% 81
\BOOKMARK [1][-]{section*.277}{\376\377\000K\000o\000n\000f\000i\000g\000u\000r\000a\000t\000i\000o\000n\000e\000n\000:\000\040\000M\000i\000n\000i\000m\000a\000l\000\040\000/\000\040\000L\000o\000g\000g\000i\000n\000g\000\040\000/\000\040\000\050\000I\000o\000T\000-\000S\000t\000a\000c\000k\000\051}{chapter*.204}% 82
\BOOKMARK [2][-]{subsection*.278}{\376\377\000G\000e\000m\000e\000i\000n\000s\000a\000m\000e\000\040\000B\000a\000s\000i\000s}{section*.277}% 83
\BOOKMARK [2][-]{subsection*.300}{\376\377\000M\000i\000n\000i\000m\000a\000l\000-\000K\000o\000n\000f\000i\000g\000u\000r\000a\000t\000i\000o\000n}{section*.277}% 84
\BOOKMARK [2][-]{subsection*.312}{\376\377\000L\000o\000g\000g\000i\000n\000g\000-\000K\000o\000n\000f\000i\000g\000u\000r\000a\000t\000i\000o\000n}{section*.277}% 85
\BOOKMARK [2][-]{subsection*.321}{\376\377\000I\000o\000T\000-\000S\000t\000a\000c\000k\000-\000K\000o\000n\000f\000i\000g\000u\000r\000a\000t\000i\000o\000n}{section*.277}% 86
\BOOKMARK [1][-]{section*.347}{\376\377\000R\000e\000a\000l\000i\000s\000t\000i\000s\000c\000h\000e\000\040\000A\000n\000w\000e\000n\000d\000u\000n\000g}{chapter*.204}% 87
\BOOKMARK [2][-]{subsection*.348}{\376\377\000Z\000w\000e\000c\000k\000\040\000u\000n\000d\000\040\000S\000e\000n\000s\000o\000r\000-\000S\000i\000m\000u\000l\000a\000t\000i\000o\000n}{section*.347}% 88
\BOOKMARK [2][-]{subsection*.349}{\376\377\000C\000o\000A\000P\000-\000S\000e\000r\000v\000e\000r\000\040\000\374\000b\000e\000r\000\040\000D\000T\000L\000S\000/\000\040\000P\000S\000K}{section*.347}% 89
\BOOKMARK [2][-]{subsection*.350}{\376\377\000F\000i\000r\000m\000w\000a\000r\000e\000-\000U\000p\000d\000a\000t\000e\000\040\000\374\000b\000e\000r\000\040\000S\000y\000s\000b\000u\000i\000l\000d\000,\000\040\000M\000C\000U\000b\000o\000o\000t\000\040\000u\000n\000d\000\040\000M\000C\000U\000m\000g\000r}{section*.347}% 90
\BOOKMARK [0][-]{chapter*.351}{\376\377\000M\000e\000s\000s\000e\000r\000g\000e\000b\000n\000i\000s\000s\000e}{}% 91
\BOOKMARK [0][-]{chapter*.352}{\376\377\000D\000i\000s\000k\000u\000s\000s\000i\000o\000n}{}% 92
\BOOKMARK [0][-]{chapter*.353}{\376\377\000V\000a\000l\000i\000d\000i\000t\000\344\000t}{}% 93
\BOOKMARK [1][-]{section*.354}{\376\377\000I\000n\000t\000e\000r\000n\000e\000\040\000V\000a\000l\000i\000d\000i\000t\000\344\000t}{chapter*.353}% 94
\BOOKMARK [1][-]{section*.355}{\376\377\000E\000x\000t\000e\000r\000n\000e\000\040\000V\000a\000l\000i\000d\000i\000t\000\344\000t}{chapter*.353}% 95
\BOOKMARK [1][-]{section*.356}{\376\377\000M\000e\000s\000s\000b\000e\000d\000i\000n\000g\000t\000e\000r\000\040\000Z\000u\000s\000a\000t\000z\000a\000u\000f\000w\000a\000n\000d}{chapter*.353}% 96
\BOOKMARK [1][-]{section*.357}{\376\377\000L\000i\000m\000i\000t\000i\000e\000r\000u\000n\000g\000e\000n}{chapter*.353}% 97
\BOOKMARK [0][-]{chapter*.358}{\376\377\000F\000a\000z\000i\000t}{}% 98
\BOOKMARK [0][-]{chapter*.359}{\376\377\000A\000u\000s\000b\000l\000i\000c\000k}{}% 99
